// Jest Snapshot v1, https://goo.gl/fbAQLP

exports[`Should Offer render correctly 1`] = `
<form
  action="#"
  className="places__sorting"
  method="get"
>
  <span
    className="places__sorting-caption"
    style={
      Object {
        "marginRight": "10px",
      }
    }
  >
    Sort by
  </span>
  <select
    className="places__sorting-type"
    id="places-sorting"
    onChange={[Function]}
  >
    <option
      className="places__option"
      defaultValue=""
      value="popular"
    >
      Popular
    </option>
    <option
      className="places__option"
      value="to-high"
    >
      Price: low to high
    </option>
    <option
      className="places__option"
      value="to-low"
    >
      Price: high to low
    </option>
    <option
      className="places__option"
      value="top-rated"
    >
      Top rated first
    </option>
  </select>
</form>
`;
