// Jest Snapshot v1, https://goo.gl/fbAQLP

exports[`withForm render 1`] = `<div />`;
