// Jest Snapshot v1, https://goo.gl/fbAQLP

exports[`Should Offer render correctly 1`] = `
<div
  className="page"
>
  <header
    className="header"
  >
    <div
      className="container"
    >
      <div
        className="header__wrapper"
      >
        <div
          className="header__left"
        >
          <a
            className="header__logo-link"
            href="/"
            onClick={[Function]}
          >
            <img
              alt="6 cities logo"
              className="header__logo"
              height={41}
              src="/img/logo.svg"
              width={81}
            />
          </a>
        </div>
        <nav
          className="header__nav"
        >
          <ul
            className="header__nav-list"
          >
            <li
              className="header__nav-item user"
            >
              <a
                className="header__nav-link header__nav-link--profile"
                onClick={[Function]}
              >
                <div
                  className="header__avatar-wrapper user__avatar-wrapper"
                />
                <span
                  className="header__user-name user__name"
                >
                  Sign In
                </span>
              </a>
            </li>
          </ul>
        </nav>
      </div>
    </div>
  </header>
  <main
    className="page__main page__main--property"
  >
    <section
      className="property"
    >
      <div
        className="property__gallery-container container"
      >
        <div
          className="property__gallery"
        >
          <div
            className="property__image-wrapper"
          >
            <img
              alt="Place image"
              className="property__image"
              src="img/1.png"
            />
          </div>
          <div
            className="property__image-wrapper"
          >
            <img
              alt="Place image"
              className="property__image"
              src="img/2.png"
            />
          </div>
        </div>
      </div>
      <div
        className="property__container container"
      >
        <div
          className="property__wrapper"
        >
          
          <div
            className="property__name-wrapper"
          >
            <h1
              className="property__name"
            >
              Beautiful & luxurious studio at great location
            </h1>
            <FavoriteBtn
              auth={true}
              classCard="property"
              offer={
                Object {
                  "bedrooms": 3,
                  "city": Object {
                    "location": Object {
                      "latitude": 52.370216,
                      "longitude": 4.895168,
                      "zoom": 10,
                    },
                    "name": "Amsterdam",
                  },
                  "description": "A quiet cozy and picturesque that hides behind a a river by the unique lightness of Amsterdam.",
                  "goods": Array [
                    "Heating",
                    "Kitchen",
                    "Cable TV",
                    "Washing machine",
                    "Coffee machine",
                    "Dishwasher",
                  ],
                  "host": Object {
                    "avatar_url": "img/1.png",
                    "id": 3,
                    "is_pro": true,
                    "name": "Angelina",
                  },
                  "id": 1,
                  "images": Array [
                    "img/1.png",
                    "img/2.png",
                  ],
                  "is_favorite": false,
                  "is_premium": false,
                  "location": Object {
                    "latitude": 52.35514938496378,
                    "longitude": 4.673877537499948,
                    "zoom": 8,
                  },
                  "max_adults": 4,
                  "preview_image": "img/1.png",
                  "price": 120,
                  "rating": 4.8,
                  "title": "Beautiful & luxurious studio at great location",
                  "type": "apartment",
                }
              }
            />
          </div>
          <div
            className="property__rating rating"
          >
            <div
              className="property__stars rating__stars"
            >
              <span
                style={
                  Object {
                    "width": "100%",
                  }
                }
              />
              <span
                className="visually-hidden"
              >
                Rating
              </span>
            </div>
            <span
              className="property__rating-value rating__value"
            >
              4.8
            </span>
          </div>
          <ul
            className="property__features"
          >
            <li
              className="property__feature property__feature--entire"
            >
              apartment
            </li>
            <li
              className="property__feature property__feature--bedrooms"
            >
              3
               Bedrooms
            </li>
            <li
              className="property__feature property__feature--adults"
            >
              Max 
              4
               adults
            </li>
          </ul>
          <div
            className="property__price"
          >
            <b
              className="property__price-value"
            >
              €
              120
            </b>
            <span
              className="property__price-text"
            >
               night
            </span>
          </div>
          <div
            className="property__inside"
          >
            <h2
              className="property__inside-title"
            >
              What's inside
            </h2>
            <ul
              className="property__inside-list"
            >
              <li
                className="property__inside-item"
              >
                Heating
              </li>
              <li
                className="property__inside-item"
              >
                Kitchen
              </li>
              <li
                className="property__inside-item"
              >
                Cable TV
              </li>
              <li
                className="property__inside-item"
              >
                Washing machine
              </li>
              <li
                className="property__inside-item"
              >
                Coffee machine
              </li>
              <li
                className="property__inside-item"
              >
                Dishwasher
              </li>
            </ul>
          </div>
          <div
            className="property__host"
          >
            <h2
              className="property__host-title"
            >
              Meet the host
            </h2>
            <div
              className="property__host-user user"
            >
              <div
                className="property__avatar-wrapper property__avatar-wrapper--pro user__avatar-wrapper"
              >
                <img
                  alt="Host avatar"
                  className="property__avatar user__avatar"
                  height="74"
                  src="/img/1.png"
                  width="74"
                />
              </div>
              <span
                className="property__user-name"
              >
                Angelina
              </span>
            </div>
            <div
              className="property__description"
            >
              <p
                className="property__text"
              >
                A quiet cozy and picturesque that hides behind a a river by the unique lightness of Amsterdam.
              </p>
            </div>
          </div>
          <section
            className="property__reviews reviews"
          >
            <ReviewList
              offerId={1}
            />
          </section>
        </div>
      </div>
      <Map
        cityCoordinates={
          Array [
            52.370216,
            4.895168,
          ]
        }
        classMap="property__map"
        forOffer={true}
        mainOffer={
          Object {
            "bedrooms": 3,
            "city": Object {
              "location": Object {
                "latitude": 52.370216,
                "longitude": 4.895168,
                "zoom": 10,
              },
              "name": "Amsterdam",
            },
            "description": "A quiet cozy and picturesque that hides behind a a river by the unique lightness of Amsterdam.",
            "goods": Array [
              "Heating",
              "Kitchen",
              "Cable TV",
              "Washing machine",
              "Coffee machine",
              "Dishwasher",
            ],
            "host": Object {
              "avatar_url": "img/1.png",
              "id": 3,
              "is_pro": true,
              "name": "Angelina",
            },
            "id": 1,
            "images": Array [
              "img/1.png",
              "img/2.png",
            ],
            "is_favorite": false,
            "is_premium": false,
            "location": Object {
              "latitude": 52.35514938496378,
              "longitude": 4.673877537499948,
              "zoom": 8,
            },
            "max_adults": 4,
            "preview_image": "img/1.png",
            "price": 120,
            "rating": 4.8,
            "title": "Beautiful & luxurious studio at great location",
            "type": "apartment",
          }
        }
        mapZoom={10}
        offers={
          Array [
            Object {
              "bedrooms": 3,
              "city": Object {
                "location": Object {
                  "latitude": 52.370216,
                  "longitude": 4.895168,
                  "zoom": 10,
                },
                "name": "Amsterdam",
              },
              "description": "A quiet cozy and picturesque that hides behind a a river by the unique lightness of Amsterdam.",
              "goods": Array [
                "Heating",
                "Kitchen",
                "Cable TV",
                "Washing machine",
                "Coffee machine",
                "Dishwasher",
              ],
              "host": Object {
                "avatar_url": "img/1.png",
                "id": 3,
                "is_pro": true,
                "name": "Angelina",
              },
              "id": 1,
              "images": Array [
                "img/1.png",
                "img/2.png",
              ],
              "is_favorite": false,
              "is_premium": false,
              "location": Object {
                "latitude": 52.35514938496378,
                "longitude": 4.673877537499948,
                "zoom": 8,
              },
              "max_adults": 4,
              "preview_image": "img/1.png",
              "price": 120,
              "rating": 4.8,
              "title": "Beautiful & luxurious studio at great location",
              "type": "apartment",
            },
            Object {
              "bedrooms": 4,
              "city": Object {
                "location": Object {
                  "latitude": 52.370216,
                  "longitude": 4.895168,
                  "zoom": 10,
                },
                "name": "Amsterdam",
              },
              "description": "A quiet cozy and picturesque that hides behind a a river by the unique lightness of Amsterdam.",
              "goods": Array [
                "Heating",
                "Kitchen",
                "Cable TV",
                "Washing machine",
                "Coffee machine",
                "Dishwasher",
              ],
              "host": Object {
                "avatar_url": "img/1.png",
                "id": 3,
                "is_pro": true,
                "name": "Angelina",
              },
              "id": 2,
              "images": Array [
                "img/1.png",
                "img/2.png",
              ],
              "is_favorite": false,
              "is_premium": true,
              "location": Object {
                "latitude": 52.35514938496378,
                "longitude": 4.673877537499948,
                "zoom": 8,
              },
              "max_adults": 4,
              "preview_image": "img/1.png",
              "price": 100,
              "rating": 4.8,
              "title": "Beautiful & luxurious studio at great location",
              "type": "apartment",
            },
          ]
        }
        selectedCity={
          Object {
            "location": Object {
              "latitude": 52.370216,
              "longitude": 4.895168,
              "zoom": 10,
            },
            "name": "Amsterdam",
          }
        }
      />
    </section>
    <div
      className="container"
    >
      <section
        className="near-places places"
      >
        <h2
          className="near-places__title"
        >
          Other places in the neighbourhood
        </h2>
        <OfferList
          classCard="near-places__card"
          classImageWrapper="near-places__image-wrapper"
          classList="near-places__list"
          forFavorites={true}
          nearby={true}
          offers={
            Array [
              Object {
                "bedrooms": 3,
                "city": Object {
                  "location": Object {
                    "latitude": 52.370216,
                    "longitude": 4.895168,
                    "zoom": 10,
                  },
                  "name": "Amsterdam",
                },
                "description": "A quiet cozy and picturesque that hides behind a a river by the unique lightness of Amsterdam.",
                "goods": Array [
                  "Heating",
                  "Kitchen",
                  "Cable TV",
                  "Washing machine",
                  "Coffee machine",
                  "Dishwasher",
                ],
                "host": Object {
                  "avatar_url": "img/1.png",
                  "id": 3,
                  "is_pro": true,
                  "name": "Angelina",
                },
                "id": 1,
                "images": Array [
                  "img/1.png",
                  "img/2.png",
                ],
                "is_favorite": false,
                "is_premium": false,
                "location": Object {
                  "latitude": 52.35514938496378,
                  "longitude": 4.673877537499948,
                  "zoom": 8,
                },
                "max_adults": 4,
                "preview_image": "img/1.png",
                "price": 120,
                "rating": 4.8,
                "title": "Beautiful & luxurious studio at great location",
                "type": "apartment",
              },
              Object {
                "bedrooms": 4,
                "city": Object {
                  "location": Object {
                    "latitude": 52.370216,
                    "longitude": 4.895168,
                    "zoom": 10,
                  },
                  "name": "Amsterdam",
                },
                "description": "A quiet cozy and picturesque that hides behind a a river by the unique lightness of Amsterdam.",
                "goods": Array [
                  "Heating",
                  "Kitchen",
                  "Cable TV",
                  "Washing machine",
                  "Coffee machine",
                  "Dishwasher",
                ],
                "host": Object {
                  "avatar_url": "img/1.png",
                  "id": 3,
                  "is_pro": true,
                  "name": "Angelina",
                },
                "id": 2,
                "images": Array [
                  "img/1.png",
                  "img/2.png",
                ],
                "is_favorite": false,
                "is_premium": true,
                "location": Object {
                  "latitude": 52.35514938496378,
                  "longitude": 4.673877537499948,
                  "zoom": 8,
                },
                "max_adults": 4,
                "preview_image": "img/1.png",
                "price": 100,
                "rating": 4.8,
                "title": "Beautiful & luxurious studio at great location",
                "type": "apartment",
              },
            ]
          }
        />
      </section>
    </div>
  </main>
</div>
`;
