// Jest Snapshot v1, https://goo.gl/fbAQLP

exports[`ReviewList render Should Offer render correctly 1`] = `
<section
  className="property__reviews reviews"
>
  <h2
    className="reviews__title"
  >
    ReviewsÂ 
    <span
      className="reviews__amount"
    >
      2
    </span>
  </h2>
  <ul
    className="reviews__list"
  >
    <Review
      reviewList={
        Array [
          Object {
            "comment": "A quiet cozy and picturesque that hides behind a a river by the unique lightness of Amsterdam.",
            "date": "2019-05-08T14:13:56.569Z",
            "id": 1,
            "rating": 4,
            "user": Object {
              "avatar_url": "img/1.png",
              "id": 4,
              "is_pro": false,
              "name": "Max",
            },
          },
          Object {
            "comment": "A quiet cozy and picturesque that hides behind a a river by the unique lightness of Amsterdam.",
            "date": "2019-05-08T14:13:56.569Z",
            "id": 2,
            "rating": 4,
            "user": Object {
              "avatar_url": "img/1.png",
              "id": 4,
              "is_pro": false,
              "name": "Max",
            },
          },
        ]
      }
    />
  </ul>
  <SendComment />
</section>
`;
