// Jest Snapshot v1, https://goo.gl/fbAQLP

exports[`MainPage render MainPage with offers 1`] = `
<div
  className="page page--gray page--main"
>
  <header
    className="header"
  >
    <div
      className="container"
    >
      <div
        className="header__wrapper"
      >
        <div
          className="header__left"
        >
          <a
            className="header__logo-link header__logo-link--active"
            href="#"
          >
            <img
              alt="6 cities logo"
              className="header__logo"
              height={41}
              src="img/logo.svg"
              width={81}
            />
          </a>
        </div>
        <nav
          className="header__nav"
        >
          <ul
            className="header__nav-list"
          >
            <li
              className="header__nav-item user"
            >
              <a
                className="header__nav-link header__nav-link--profile"
                onClick={[Function]}
              >
                <div
                  className="header__avatar-wrapper user__avatar-wrapper"
                />
                <span
                  className="header__user-name user__name"
                >
                  Sign In
                </span>
              </a>
            </li>
          </ul>
        </nav>
      </div>
    </div>
  </header>
  <main
    className=" page__main page__main--index "
  >
    <h1
      className="visually-hidden"
    >
      Cities
    </h1>
    <CitiesList />
    <div
      className="cities"
    >
      <div
        className="cities__places-container container"
      >
        <OfferList
          classCard="cities__place-card"
          classImageWrapper="cities__image-wrapper"
          classList="cities__places-list tabs__content"
          offers={
            Array [
              Object {
                "bedrooms": 3,
                "city": Object {
                  "location": Object {
                    "latitude": 52.370216,
                    "longitude": 4.895168,
                    "zoom": 10,
                  },
                  "name": "Amsterdam",
                },
                "description": "A quiet cozy and picturesque that hides behind a a river by the unique lightness of Amsterdam.",
                "goods": Array [
                  "Heating",
                  "Kitchen",
                  "Cable TV",
                  "Washing machine",
                  "Coffee machine",
                  "Dishwasher",
                ],
                "host": Object {
                  "avatar_url": "img/1.png",
                  "id": 3,
                  "is_pro": true,
                  "name": "Angelina",
                },
                "id": 1,
                "images": Array [
                  "img/1.png",
                  "img/2.png",
                ],
                "is_favorite": false,
                "is_premium": false,
                "location": Object {
                  "latitude": 52.35514938496378,
                  "longitude": 4.673877537499948,
                  "zoom": 8,
                },
                "max_adults": 4,
                "preview_image": "img/1.png",
                "price": 120,
                "rating": 4.8,
                "title": "Beautiful & luxurious studio at great location",
                "type": "apartment",
              },
              Object {
                "bedrooms": 4,
                "city": Object {
                  "location": Object {
                    "latitude": 52.370216,
                    "longitude": 4.895168,
                    "zoom": 10,
                  },
                  "name": "Amsterdam",
                },
                "description": "A quiet cozy and picturesque that hides behind a a river by the unique lightness of Amsterdam.",
                "goods": Array [
                  "Heating",
                  "Kitchen",
                  "Cable TV",
                  "Washing machine",
                  "Coffee machine",
                  "Dishwasher",
                ],
                "host": Object {
                  "avatar_url": "img/1.png",
                  "id": 3,
                  "is_pro": true,
                  "name": "Angelina",
                },
                "id": 2,
                "images": Array [
                  "img/1.png",
                  "img/2.png",
                ],
                "is_favorite": false,
                "is_premium": true,
                "location": Object {
                  "latitude": 52.35514938496378,
                  "longitude": 4.673877537499948,
                  "zoom": 8,
                },
                "max_adults": 4,
                "preview_image": "img/1.png",
                "price": 100,
                "rating": 4.8,
                "title": "Beautiful & luxurious studio at great location",
                "type": "apartment",
              },
            ]
          }
        />
        <div
          className="cities__right-section"
        >
          <section
            className="cities__map map"
          >
            <Map
              cityCoordinates={
                Array [
                  52.370216,
                  4.895168,
                ]
              }
              classMap="cities__map"
              mapZoom={10}
              offers={
                Array [
                  Object {
                    "bedrooms": 3,
                    "city": Object {
                      "location": Object {
                        "latitude": 52.370216,
                        "longitude": 4.895168,
                        "zoom": 10,
                      },
                      "name": "Amsterdam",
                    },
                    "description": "A quiet cozy and picturesque that hides behind a a river by the unique lightness of Amsterdam.",
                    "goods": Array [
                      "Heating",
                      "Kitchen",
                      "Cable TV",
                      "Washing machine",
                      "Coffee machine",
                      "Dishwasher",
                    ],
                    "host": Object {
                      "avatar_url": "img/1.png",
                      "id": 3,
                      "is_pro": true,
                      "name": "Angelina",
                    },
                    "id": 1,
                    "images": Array [
                      "img/1.png",
                      "img/2.png",
                    ],
                    "is_favorite": false,
                    "is_premium": false,
                    "location": Object {
                      "latitude": 52.35514938496378,
                      "longitude": 4.673877537499948,
                      "zoom": 8,
                    },
                    "max_adults": 4,
                    "preview_image": "img/1.png",
                    "price": 120,
                    "rating": 4.8,
                    "title": "Beautiful & luxurious studio at great location",
                    "type": "apartment",
                  },
                  Object {
                    "bedrooms": 4,
                    "city": Object {
                      "location": Object {
                        "latitude": 52.370216,
                        "longitude": 4.895168,
                        "zoom": 10,
                      },
                      "name": "Amsterdam",
                    },
                    "description": "A quiet cozy and picturesque that hides behind a a river by the unique lightness of Amsterdam.",
                    "goods": Array [
                      "Heating",
                      "Kitchen",
                      "Cable TV",
                      "Washing machine",
                      "Coffee machine",
                      "Dishwasher",
                    ],
                    "host": Object {
                      "avatar_url": "img/1.png",
                      "id": 3,
                      "is_pro": true,
                      "name": "Angelina",
                    },
                    "id": 2,
                    "images": Array [
                      "img/1.png",
                      "img/2.png",
                    ],
                    "is_favorite": false,
                    "is_premium": true,
                    "location": Object {
                      "latitude": 52.35514938496378,
                      "longitude": 4.673877537499948,
                      "zoom": 8,
                    },
                    "max_adults": 4,
                    "preview_image": "img/1.png",
                    "price": 100,
                    "rating": 4.8,
                    "title": "Beautiful & luxurious studio at great location",
                    "type": "apartment",
                  },
                ]
              }
            />
          </section>
        </div>
      </div>
    </div>
  </main>
</div>
`;

exports[`MainPage with offers 1`] = `
<div
  className="page page--gray page--main"
>
  <header
    className="header"
  >
    <div
      className="container"
    >
      <div
        className="header__wrapper"
      >
        <div
          className="header__left"
        >
          <a
            className="header__logo-link header__logo-link--active"
            href="#"
          >
            <img
              alt="6 cities logo"
              className="header__logo"
              height={41}
              src="img/logo.svg"
              width={81}
            />
          </a>
        </div>
        <nav
          className="header__nav"
        >
          <ul
            className="header__nav-list"
          >
            <li
              className="header__nav-item user"
            >
              <a
                className="header__nav-link header__nav-link--profile"
                onClick={[Function]}
              >
                <div
                  className="header__avatar-wrapper user__avatar-wrapper"
                />
                <span
                  className="header__user-name user__name"
                >
                  Sign In
                </span>
              </a>
            </li>
          </ul>
        </nav>
      </div>
    </div>
  </header>
  <main
    className=" page__main page__main--index "
  >
    <h1
      className="visually-hidden"
    >
      Cities
    </h1>
    <CitiesList />
    <div
      className="cities"
    >
      <div
        className="cities__places-container container"
      >
        <OfferList
          classCard="cities__place-card"
          classImageWrapper="cities__image-wrapper"
          classList="cities__places-list tabs__content"
          offers={
            Array [
              Object {
                "bedrooms": 3,
                "city": Object {
                  "location": Object {
                    "latitude": 52.370216,
                    "longitude": 4.895168,
                    "zoom": 10,
                  },
                  "name": "Amsterdam",
                },
                "description": "A quiet cozy and picturesque that hides behind a a river by the unique lightness of Amsterdam.",
                "goods": Array [
                  "Heating",
                  "Kitchen",
                  "Cable TV",
                  "Washing machine",
                  "Coffee machine",
                  "Dishwasher",
                ],
                "host": Object {
                  "avatar_url": "img/1.png",
                  "id": 3,
                  "is_pro": true,
                  "name": "Angelina",
                },
                "id": 1,
                "images": Array [
                  "img/1.png",
                  "img/2.png",
                ],
                "is_favorite": false,
                "is_premium": false,
                "location": Object {
                  "latitude": 52.35514938496378,
                  "longitude": 4.673877537499948,
                  "zoom": 8,
                },
                "max_adults": 4,
                "preview_image": "img/1.png",
                "price": 120,
                "rating": 4.8,
                "title": "Beautiful & luxurious studio at great location",
                "type": "apartment",
              },
              Object {
                "bedrooms": 4,
                "city": Object {
                  "location": Object {
                    "latitude": 52.370216,
                    "longitude": 4.895168,
                    "zoom": 10,
                  },
                  "name": "Amsterdam",
                },
                "description": "A quiet cozy and picturesque that hides behind a a river by the unique lightness of Amsterdam.",
                "goods": Array [
                  "Heating",
                  "Kitchen",
                  "Cable TV",
                  "Washing machine",
                  "Coffee machine",
                  "Dishwasher",
                ],
                "host": Object {
                  "avatar_url": "img/1.png",
                  "id": 3,
                  "is_pro": true,
                  "name": "Angelina",
                },
                "id": 2,
                "images": Array [
                  "img/1.png",
                  "img/2.png",
                ],
                "is_favorite": false,
                "is_premium": true,
                "location": Object {
                  "latitude": 52.35514938496378,
                  "longitude": 4.673877537499948,
                  "zoom": 8,
                },
                "max_adults": 4,
                "preview_image": "img/1.png",
                "price": 100,
                "rating": 4.8,
                "title": "Beautiful & luxurious studio at great location",
                "type": "apartment",
              },
            ]
          }
        />
        <div
          className="cities__right-section"
        >
          <section
            className="cities__map map"
          >
            <Map
              cityCoordinates={
                Array [
                  52.370216,
                  4.895168,
                ]
              }
              classMap="cities__map"
              mapZoom={10}
              offers={
                Array [
                  Object {
                    "bedrooms": 3,
                    "city": Object {
                      "location": Object {
                        "latitude": 52.370216,
                        "longitude": 4.895168,
                        "zoom": 10,
                      },
                      "name": "Amsterdam",
                    },
                    "description": "A quiet cozy and picturesque that hides behind a a river by the unique lightness of Amsterdam.",
                    "goods": Array [
                      "Heating",
                      "Kitchen",
                      "Cable TV",
                      "Washing machine",
                      "Coffee machine",
                      "Dishwasher",
                    ],
                    "host": Object {
                      "avatar_url": "img/1.png",
                      "id": 3,
                      "is_pro": true,
                      "name": "Angelina",
                    },
                    "id": 1,
                    "images": Array [
                      "img/1.png",
                      "img/2.png",
                    ],
                    "is_favorite": false,
                    "is_premium": false,
                    "location": Object {
                      "latitude": 52.35514938496378,
                      "longitude": 4.673877537499948,
                      "zoom": 8,
                    },
                    "max_adults": 4,
                    "preview_image": "img/1.png",
                    "price": 120,
                    "rating": 4.8,
                    "title": "Beautiful & luxurious studio at great location",
                    "type": "apartment",
                  },
                  Object {
                    "bedrooms": 4,
                    "city": Object {
                      "location": Object {
                        "latitude": 52.370216,
                        "longitude": 4.895168,
                        "zoom": 10,
                      },
                      "name": "Amsterdam",
                    },
                    "description": "A quiet cozy and picturesque that hides behind a a river by the unique lightness of Amsterdam.",
                    "goods": Array [
                      "Heating",
                      "Kitchen",
                      "Cable TV",
                      "Washing machine",
                      "Coffee machine",
                      "Dishwasher",
                    ],
                    "host": Object {
                      "avatar_url": "img/1.png",
                      "id": 3,
                      "is_pro": true,
                      "name": "Angelina",
                    },
                    "id": 2,
                    "images": Array [
                      "img/1.png",
                      "img/2.png",
                    ],
                    "is_favorite": false,
                    "is_premium": true,
                    "location": Object {
                      "latitude": 52.35514938496378,
                      "longitude": 4.673877537499948,
                      "zoom": 8,
                    },
                    "max_adults": 4,
                    "preview_image": "img/1.png",
                    "price": 100,
                    "rating": 4.8,
                    "title": "Beautiful & luxurious studio at great location",
                    "type": "apartment",
                  },
                ]
              }
            />
          </section>
        </div>
      </div>
    </div>
  </main>
</div>
`;
